// Jest Snapshot v1, https://goo.gl/fbAQLP

exports[`Pruebas en el componente Accordion Debe de mostrarse correctamente el componente 1`] = `
<div
  className="slide-container"
>
  <input
    className="slider"
    max={10}
    min={0}
    name="monto"
    onBlur={[MockFunction]}
    onChange={[MockFunction]}
    step={1}
    style={
      Object {
        "background": "linear-gradient(to right, #81c1ea 2166666.6666666665% , #338cbf 4333333.333333333%, #225aa7 6500000%, #dae0e9 6500000%",
      }
    }
    type="range"
    value={650000}
  />
</div>
`;
