// Jest Snapshot v1, https://goo.gl/fbAQLP

exports[`Pruebas en el componente EstadoDocumentosAnalista Debe coincidir con la snapshot 1`] = `
<div>
  <div
    className="col-12"
  >
    <div
      className="row my-3"
      key="1"
    >
      <div
        className="col-5 my-auto"
      >
        <span
          className="body2"
        >
          Identificación oficial (Frente)
        </span>
      </div>
      <div
        className="col-4 my-auto overme"
      >
        <span
          className="link"
          title="ALE_INE.jpg"
        >
          ALE_INE.jpg
        </span>
      </div>
      <div
        className="col-3 my-auto text-center"
      >
        <SvgAprobado />
      </div>
    </div>
    <div
      className="row my-3"
      key="2"
    >
      <div
        className="col-5 my-auto"
      >
        <span
          className="body2"
        >
          Identificación oficial (Reverso)
        </span>
      </div>
      <div
        className="col-4 my-auto overme"
      >
        <span
          className="link"
          title="ALE_INE.jpg"
        >
          ALE_INE.jpg
        </span>
      </div>
      <div
        className="col-3 my-auto text-center"
      >
        <SvgAprobado />
      </div>
    </div>
    <div
      className="row my-3"
      key="3"
    >
      <div
        className="col-5 my-auto"
      >
        <span
          className="body2"
        >
          Comprobante de domicilio (Comercial)
        </span>
      </div>
      <div
        className="col-4 my-auto overme"
      >
        <span
          className="link"
          title="comprobante_luz_factura_hogar.pdf"
        >
          comprobante_luz_factura_hogar.pdf
        </span>
      </div>
      <div
        className="col-3 my-auto text-center"
      >
        <button
          className="btn-mini-secondary"
          type="button"
        >
          Revisar
        </button>
      </div>
    </div>
    <div
      className="row my-3"
      key="4"
    >
      <div
        className="col-5 my-auto"
      >
        <span
          className="body2"
        >
          Comprobante de domicilio (Fiscal)
        </span>
      </div>
      <div
        className="col-4 my-auto overme"
      >
        <span
          className="link"
          title="comprobante_luz_factura_hogar.pdf"
        >
          comprobante_luz_factura_hogar.pdf
        </span>
      </div>
      <div
        className="col-3 my-auto text-center"
      >
        <button
          className="btn-mini-secondary"
          type="button"
        >
          Revisar
        </button>
      </div>
    </div>
    <div
      className="row my-3"
      key="5"
    >
      <div
        className="col-5 my-auto"
      >
        <span
          className="body2"
        >
          Acta de matrimonio
        </span>
      </div>
      <div
        className="col-4 my-auto overme"
      >
        <span
          className="link"
          title="Acta_matrimonio.pdf"
        >
          Acta_matrimonio.pdf
        </span>
      </div>
      <div
        className="col-3 my-auto text-center"
      >
        <button
          className="btn-mini-secondary"
          type="button"
        >
          Revisar
        </button>
      </div>
    </div>
    <div
      className="row my-3"
      key="6"
    >
      <div
        className="col-5 my-auto"
      >
        <span
          className="body2"
        >
          Prueba de vida
        </span>
      </div>
      <div
        className="col-4 my-auto overme"
      >
        <span
          className="link"
          title="prueba.mv"
        >
          prueba.mv
        </span>
      </div>
      <div
        className="col-3 my-auto text-center"
      >
        <button
          className="btn-mini-secondary"
          type="button"
        >
          Revisar
        </button>
      </div>
    </div>
    <div
      className="row my-3"
      key="7"
    >
      <div
        className="col-5 my-auto"
      >
        <span
          className="body2"
        >
          Selfie
        </span>
      </div>
      <div
        className="col-4 my-auto overme"
      >
        <span
          className="link"
          title="selfie.png"
        >
          selfie.png
        </span>
      </div>
      <div
        className="col-3 my-auto text-center"
      >
        <button
          className="btn-mini-secondary"
          type="button"
        >
          Revisar
        </button>
      </div>
    </div>
    <div
      className="row my-3"
      key="8"
    >
      <div
        className="col-5 my-auto"
      >
        <span
          className="body2"
        >
          Autorización de crédito
        </span>
      </div>
      <div
        className="col-4 my-auto overme"
      >
        <span
          className="link"
          title="Autorizacion_credito.pdf"
        >
          Autorizacion_credito.pdf
        </span>
      </div>
      <div
        className="col-3 my-auto text-center"
      >
        <button
          className="btn-mini-secondary"
          type="button"
        >
          Revisar
        </button>
      </div>
    </div>
    <div
      className="row my-3"
      key="9"
    >
      <div
        className="col-5 my-auto"
      >
        <span
          className="body2"
        >
          Reporte de buró de crédito
        </span>
      </div>
      <div
        className="col-4 my-auto overme"
      >
        <span
          className="link"
          title="reporte_buro_credito.pdf"
        >
          reporte_buro_credito.pdf
        </span>
      </div>
      <div
        className="col-3 my-auto text-center"
      >
        <button
          className="btn-mini-secondary"
          type="button"
        >
          Revisar
        </button>
      </div>
    </div>
    <div
      key="1"
    >
      <div
        className="row my-3 card-simple-blue-light"
      >
        <div
          className="col-12"
        >
          <span
            className="d-flex sub color-blue-storm"
          >
            Carlos Pérez Díaz
          </span>
          <span
            className="d-flex overline color-gray"
          >
            Cónyuge del solicitante
          </span>
        </div>
      </div>
      <div
        className="row my-3"
        key="10"
      >
        <div
          className="col-5 my-auto"
        >
          <span
            className="body2"
          >
            Identificación oficial (Frente)
          </span>
        </div>
        <div
          className="col-4 my-auto overme"
        >
          <span
            className="link"
            title="INE_Carlos.jpg"
          >
            INE_Carlos.jpg
          </span>
        </div>
        <div
          className="col-3 my-auto text-center"
        >
          <SvgAprobado />
        </div>
      </div>
      <div
        className="row my-3"
        key="11"
      >
        <div
          className="col-5 my-auto"
        >
          <span
            className="body2"
          >
            Identificación oficial (Reverso)
          </span>
        </div>
        <div
          className="col-4 my-auto overme"
        >
          <span
            className="link"
            title="INE_Carlos.jpg"
          >
            INE_Carlos.jpg
          </span>
        </div>
        <div
          className="col-3 my-auto text-center"
        >
          <SvgAprobado />
        </div>
      </div>
    </div>
  </div>
</div>
`;
